// Jest Snapshot v1, https://goo.gl/fbAQLP

exports[`Details Component Details snapshot test 1`] = `
<div
  className="details"
>
  <div
    className="background"
    style={
      Object {
        "backgroundImage": "url(null)",
      }
    }
  >
    <div
      className="background_content_background"
      style={
        Object {
          "backgroundImage": "url(https:://image.tmdb.org/t/p/original/undefined)",
        }
      }
    />
    <div
      className="background_info"
    >
      <h1 />
      <div
        className="background_info_genres"
      />
      <p
        className="background_info_overview"
      />
      <div
        className="castTitle"
      >
        <h2>
          Cast
        </h2>
        <div
          className="cast"
        />
      </div>
    </div>
  </div>
  <div
    className="details_videoList"
  />
  <div
    className="details_similar"
  />
</div>
`;
